
‚ñ†‚ñ†‚ñ†‚ñ†‚ñ†‚ñ†‚ñ†‚ñ†‚ñ†‚ñ†‚ñ†‚ñ†‚ñ†‚ñ†‚ñ†‚ñ†‚ñ†‚ñ†‚ñ†‚ñ†‚ñ†‚ñ†‚ñ†‚ñ†‚ñ†‚ñ†‚ñ†‚ñ†‚ñ†‚ñ†‚ñ†‚ñ†‚ñ†‚ñ†‚ñ†‚ñ†‚ñ†‚ñ†‚ñ†‚ñ†‚ñ†‚ñ†‚ñ†‚ñ†‚ñ†‚ñ†‚ñ†‚ñ†‚ñ†‚ñ†‚ñ†‚ñ†‚ñ†‚ñ†‚ñ†‚ñ†‚ñ†
+-----------------------------------------// 01. Vue js ÏÑ§Ïπò //----------------------------------------/ 24.11.18(Ïõî) /---+
‚ñ†‚ñ†‚ñ†‚ñ†‚ñ†‚ñ†‚ñ†‚ñ†‚ñ†‚ñ†‚ñ†‚ñ†‚ñ†‚ñ†‚ñ†‚ñ†‚ñ†‚ñ†‚ñ†‚ñ†‚ñ†‚ñ†‚ñ†‚ñ†‚ñ†‚ñ†‚ñ†‚ñ†‚ñ†‚ñ†‚ñ†‚ñ†‚ñ†‚ñ†‚ñ†‚ñ†‚ñ†‚ñ†‚ñ†‚ñ†‚ñ†‚ñ†‚ñ†‚ñ†‚ñ†‚ñ†‚ñ†‚ñ†‚ñ†‚ñ†‚ñ†‚ñ†‚ñ†‚ñ†‚ñ†‚ñ†‚ñ†


- 01. Vue js ÏÑ§Ïπò ‚ñ† ==> ÏóÖÎ¨¥Ïö© ÎÖ∏Ìä∏Î∂ÅÏóêÏÑú
1. Node JS ÏÑ§Ïπò
https://nodejs.org/en ==> node-v22.11.0-x64.msi Îã§Ïö¥Î°úÎìú ÌõÑ ÏÑ§Ïπò
‚Äã2. node Î≤ÑÏ†Ñ ÌôïÏù∏
C:\Users\tamar> node -v		 node Î≤ÑÏ†Ñ ÌôïÏù∏ ‚ô£
v22.11.0

C:\Users\tamar> npm  -v  # npm Î≤ÑÏ†Ñ ÌôïÏù∏ ‚ô£
10.9.0
-- npm(ÎÖ∏Îìú Ìå®ÌÇ§ÏßÄ Îß§ÎãàÏ†Ä/Node Package Manager): ÏûêÎ∞îÏä§ÌÅ¨Î¶ΩÌä∏ ÌîÑÎ°úÍ∑∏ÎûòÎ∞ç Ïñ∏Ïñ¥Î•º ÏúÑÌïú Ìå®ÌÇ§ÏßÄ Í¥ÄÎ¶¨Ïûê

C:\Users\tamar> cd D:\00. Prj‚ñ†\06_Vue_js

C:\Users\tamar>d:

D:\00. Prj‚ñ†\06_Vue_js> npm install -g @vue/cli		# vue-cli ÏÑ§Ïπò ‚ô£
-- npm uninstall -g vue-cli	# vue-cli Ï†úÍ±∞

added 831 packages in 49s

75 packages are looking for funding
  run `npm fund` for details
  
D:\00. Prj‚ñ†\06_Vue_js> vue --version		# vue Î≤ÑÏ†Ñ ÌôïÏù∏ ‚ô£
@vue/cli 5.0.8
---------------------------------------------------------------------------------------------------------------

D:\00. Prj‚ñ†\06_Vue_js> vue create test_prj		# vue ÌîÑÎ°úÏ†ùÌä∏ ÏÉùÏÑ± ‚ô£
? Please pick a preset: (Use arrow keys)
> Default ([Vue 3] babel, eslint)
  Default ([Vue 2] babel, eslint)
  Manually select features

 ? Check the features needed for your project: (Press <space> to select, <a> to toggle all, <i> to invert selection, and <enter> to proceed)
 (*) Babel
 ( ) TypeScript
 ( ) Progressive Web App (PWA) Support
 (*) Router   	--> Press <space> Ï≤¥ÌÅ¨ ‚ñ†
>(*) Vuex		 --> Press <space>  Ï≤¥ÌÅ¨ ‚ñ†
 ( ) CSS Pre-processors
 (*) Linter / Formatter
 ( ) Unit Testing
 ( ) E2E Testing
 ==> and <enter>: ==> ÏóîÌÑ∞ ‚ñ†

 ? Please pick a preset: Manually select features
? Check the features needed for your project: Babel, Router, Vuex, Linter
? Choose a version of Vue.js that you want to start the project with (Use arrow keys)
> 3.x   ==> ÏóîÌÑ∞ ‚ñ†
  2.x
  
  ‚ú®  Creating project in D:\00. Prj‚ñ†\06_Vue_js\test_prj.
üóÉ  Initializing git repository...
‚öôÔ∏è  Installing CLI plugins. This might take a while...

npm error code 3221225477
npm error path D:\00. Prj‚ñ†\06_Vue_js\test_prj\node_modules\yorkie
npm error command failed
npm error command C:\WINDOWS\system32\cmd.exe /d /s /c node bin/install.js
npm error A complete log of this run can be found in: C:\Users\tamar\AppData\Local\npm-cache\_logs\2024-11-17T23_55_54_688Z-debug-0.log
 ERROR  Error: command failed: npm install --loglevel error --legacy-peer-deps
Error: command failed: npm install --loglevel error --legacy-peer-deps
    at ChildProcess.<anonymous> (C:\Users\tamar\AppData\Roaming\npm\node_modules\@vue\cli\lib\util\executeCommand.js:138:16)
    at ChildProcess.emit (node:events:518:28)
    at cp.emit (C:\Users\tamar\AppData\Roaming\npm\node_modules\@vue\cli\node_modules\cross-spawn\lib\enoent.js:34:29)
    at maybeClose (node:internal/child_process:1104:16)
    at ChildProcess._handle.onexit (node:internal/child_process:304:5)
	
---------------------------------------------------------------------------------------------------------------


npm error code 3221225477
npm error path D:\00. Prj‚ñ†\06_Vue_js\test_prj\node_modules\yorkie
npm error command failed
npm error command C:\WINDOWS\system32\cmd.exe /d /s /c node bin/install.js
npm error A complete log of this run can be found in: C:\Users\tamar\AppData\Local\npm-cache\_logs\2024-11-18T00_05_31_175Z-debug-0.log
 ERROR  Error: command failed: npm install --loglevel error --legacy-peer-deps  ‚ñ†‚ñ†‚ñ†
Error: command failed: npm install --loglevel error --legacy-peer-deps
    at ChildProcess.<anonymous> (C:\Users\tamar\AppData\Roaming\npm\node_modules\@vue\cli\lib\util\executeCommand.js:138:16)
    at ChildProcess.emit (node:events:518:28)
    at cp.emit (C:\Users\tamar\AppData\Roaming\npm\node_modules\@vue\cli\node_modules\cross-spawn\lib\enoent.js:34:29)
    at maybeClose (node:internal/child_process:1104:16)
    at ChildProcess._handle.onexit (node:internal/child_process:304:5)

---------------------------------------------------------------------------------------------------------------


D:\00. Prj‚ñ†\06_Vue_js> cd test_prj			# test_prj Ìè¥Îçî Í≤ΩÎ°úÎ°ú Ïù¥Îèô ‚ô£
D:\00. Prj‚ñ†\06_Vue_js> npm run serve	 # vue ÌîÑÎ°úÏ†ùÌä∏ ÏãúÏûë ‚ô£

> tama_vue@0.1.0 serve
> vue-cli-service serve

 INFO  Starting development server...

 DONE  Compiled successfully in 6540ms   Ïò§Ï†Ñ 10:54:43

  App running at:
  - Local:   http://localhost:8080/
  - Network: http://192.168.219.100:8080/
---------------------------------------------------------------------------------------------------------------

 Vetur ÌôïÏû•Ìå© ÏÑ§Ïπò
 jsconfig.json
---------------------------------------------------------------------------------------------------------------

=============================================================================================================
‚ñ†‚ñ†‚ñ†‚ñ†‚ñ†‚ñ†‚ñ†‚ñ†‚ñ†‚ñ†‚ñ†‚ñ†‚ñ†‚ñ†‚ñ†‚ñ†‚ñ†‚ñ†‚ñ†‚ñ†‚ñ†‚ñ†‚ñ†‚ñ†‚ñ†‚ñ†‚ñ†‚ñ†‚ñ†‚ñ†‚ñ†‚ñ†‚ñ†‚ñ†‚ñ†‚ñ†‚ñ†‚ñ†‚ñ†‚ñ†‚ñ†‚ñ†‚ñ†‚ñ†‚ñ†‚ñ†‚ñ†‚ñ†‚ñ†‚ñ†‚ñ†‚ñ†‚ñ†‚ñ†‚ñ†‚ñ†‚ñ†‚ñ†



- js 2 (Vue.js 2) Í∏∞Ï¥à ÏùµÌûàÍ∏∞ Í∏∞Î≥∏ Í∞ïÏ¢å! [ÏΩîÏßÄ ÏΩîÎçî] (ÎèôÏòÅÏÉÅ Í∞ïÏùò ÏàòÍ∞ï)
https://www.youtube.com/watch?v=gZBKGn0wQXU&list=PLB7CpjPWqHOtYP7P_0Ls9XNed0NLvmkAh

- Vue.j(API)
https://ko.vuejs.org/guide/components/events.html
------------------------------------------------------------------------------------------------------------------------

- 2024 Vue.js Í∞úÎ∞ú Í∞ÄÏù¥Îìú - Full Course (feat. Composition API) (ÎèôÏòÅÏÉÅ Í∞ïÏùò ÏàòÍ∞ï)
https://www.youtube.com/watch?v=9lWaIhE05m8
=============================================================================================================

- vue.js 3[csslick - ÏΩîÎî© ÌäúÌÜ†Î¶¨Ïñº & ÌåÅ]
https://www.youtube.com/watch?v=NSeVeLLSW4w&list=PLg-yFEMmilBBc23fH9McDtG3za4o5TbP_&index=2

‚ñ†‚ñ†‚ñ†‚ñ†‚ñ†‚ñ†‚ñ†‚ñ†‚ñ†‚ñ†‚ñ†‚ñ†‚ñ†‚ñ†‚ñ†‚ñ†‚ñ†‚ñ†‚ñ†‚ñ†‚ñ†‚ñ†‚ñ†‚ñ†‚ñ†‚ñ†‚ñ†‚ñ†‚ñ†‚ñ†‚ñ†‚ñ†‚ñ†‚ñ†‚ñ†‚ñ†‚ñ†‚ñ†‚ñ†‚ñ†‚ñ†‚ñ†‚ñ†‚ñ†‚ñ†‚ñ†‚ñ†‚ñ†‚ñ†‚ñ†‚ñ†‚ñ†‚ñ†‚ñ†‚ñ†‚ñ†‚ñ†‚ñ†


- [Vue.js] Vue.js Ï£ºÏÑù
https://velog.io/@bami/Vue.js-Vue.js-%EC%A3%BC%EC%84%9D

<!--.vue ÌååÏùº Í∏∞Î≥∏-->
<template>
  <!-- templateÏóêÏÑ† HTML Ï£ºÏÑù -->
</template>

<script>
  // scriptÏóêÏÑ† js Ï£ºÏÑù
 /* scriptÏóêÏÑ† js Ï£ºÏÑù */
</script>

<style>
  /* styleÏóêÏÑ† CSS Ï£ºÏÑù */
</style>
==============================================================================================================

 - Î°úÍ∑∏ Ï≤òÎ¶¨ @@@
sMsg2 = "[T_01] ‚ñ†‚ñ†‚ñ†‚ñ†‚ñ†‚ñ†  [######################### [01. git_pull_push Ï≤òÎ¶¨ Start] ################
#########] ‚ñ†‚ñ†‚ñ†‚ñ†‚ñ†‚ñ†"
sMsg0 = "\n\n\n ‚ñ†‚ñ†‚ñ† [/git_pull_push.py] ==> "
sMsg = "‚ñ†‚ñ†‚ñ† [/git_pull_push.py] ==> "
console.log(sMsg0 + sMsg2)
==============================================================================================================


=============================================================================================================
‚ñ†‚ñ†‚ñ†‚ñ†‚ñ†‚ñ†‚ñ†‚ñ†‚ñ†‚ñ†‚ñ†‚ñ†‚ñ†‚ñ†‚ñ†‚ñ†‚ñ†‚ñ†‚ñ†‚ñ†‚ñ†‚ñ†‚ñ†‚ñ†‚ñ†‚ñ†‚ñ†‚ñ†‚ñ†‚ñ†‚ñ†‚ñ†‚ñ†‚ñ†‚ñ†‚ñ†‚ñ†‚ñ†‚ñ†‚ñ†‚ñ†‚ñ†‚ñ†‚ñ†‚ñ†‚ñ†‚ñ†‚ñ†‚ñ†‚ñ†‚ñ†‚ñ†‚ñ†‚ñ†‚ñ†‚ñ†‚ñ†‚ñ†
+--------------------------------------------------------// End //--------------------------------------------------+
‚ñ†‚ñ†‚ñ†‚ñ†‚ñ†‚ñ†‚ñ†‚ñ†‚ñ†‚ñ†‚ñ†‚ñ†‚ñ†‚ñ†‚ñ†‚ñ†‚ñ†‚ñ†‚ñ†‚ñ†‚ñ†‚ñ†‚ñ†‚ñ†‚ñ†‚ñ†‚ñ†‚ñ†‚ñ†‚ñ†‚ñ†‚ñ†‚ñ†‚ñ†‚ñ†‚ñ†‚ñ†‚ñ†‚ñ†‚ñ†‚ñ†‚ñ†‚ñ†‚ñ†‚ñ†‚ñ†‚ñ†‚ñ†‚ñ†‚ñ†‚ñ†‚ñ†‚ñ†‚ñ†‚ñ†‚ñ†‚ñ†‚ñ†
